// Jest Snapshot v1, https://goo.gl/fbAQLP

exports[`Loading component should render correctly 1`] = `
<span
  className="sc-bdvvtL kRglAr"
  size="2rem"
/>
`;
