// Jest Snapshot v1, https://goo.gl/fbAQLP

exports[`SkewRow component should render properly 1`] = `
<section
  className="sc-bdvvtL krqzEm"
>
  <div
    className="sc-gsDKAQ MhxVF"
  />
</section>
`;
